23:17:47 **** Incremental Build of configuration Debug for project AEP_PSS_ACU_Project ****
make -j4 all 
Building file: ../src/main.c
Executing target #4 ../src/main.c
Invoking: Standard S32DS C Compiler
arm-none-eabi-gcc "@src/main.args" -MMD -MP -MF"src/main.d" -MT"src/main.o" -c -o "src/main.o" "../src/main.c"
Finished building: ../src/main.c
 
Building target: AEP_PSS_ACU_Project.elf
Executing target #5 AEP_PSS_ACU_Project.elf
Invoking: Standard S32DS C Linker
arm-none-eabi-gcc -o "AEP_PSS_ACU_Project.elf" "@AEP_PSS_ACU_Project.args"   
Finished building target: AEP_PSS_ACU_Project.elf
 
Executing target #6 AEP_PSS_ACU_Project.siz
Invoking: Standard S32DS Print Size
arm-none-eabi-size --format=berkeley  AEP_PSS_ACU_Project.elf 
   text	   data	    bss	    dec	    hex	filename
   3552	     52	   3136	   6740	   1a54	AEP_PSS_ACU_Project.elf
Finished building: AEP_PSS_ACU_Project.siz
 

23:17:51 Build Finished (took 3s.402ms)

