16:42:34 **** Incremental Build of configuration Debug for project AEP_PSS_ACU_Project ****
make -j4 all 
Executing target #6 AEP_PSS_ACU_Project.siz
Invoking: Standard S32DS Print Size
arm-none-eabi-size --format=berkeley  AEP_PSS_ACU_Project.elf 
   text	   data	    bss	    dec	    hex	filename
   6264	     56	   3160	   9480	   2508	AEP_PSS_ACU_Project.elf
Finished building: AEP_PSS_ACU_Project.siz
 
16:42:37 **** Incremental Build of configuration Debug for project AEP_PSS_ACU_Project ****
make -j4 all 
Executing target #6 AEP_PSS_ACU_Project.siz
Invoking: Standard S32DS Print Size
arm-none-eabi-size --format=berkeley  AEP_PSS_ACU_Project.elf 
   text	   data	    bss	    dec	    hex	filename
   6264	     56	   3160	   9480	   2508	AEP_PSS_ACU_Project.elf
Finished building: AEP_PSS_ACU_Project.siz
 
16:42:49 **** Incremental Build of configuration Debug for project AEP_PSS_ACU_Project ****
make -j4 all 
Executing target #6 AEP_PSS_ACU_Project.siz
Invoking: Standard S32DS Print Size
arm-none-eabi-size --format=berkeley  AEP_PSS_ACU_Project.elf 
   text	   data	    bss	    dec	    hex	filename
   6264	     56	   3160	   9480	   2508	AEP_PSS_ACU_Project.elf
Finished building: AEP_PSS_ACU_Project.siz
 
16:42:56 **** Incremental Build of configuration Debug for project AEP_PSS_ACU_Project ****
make -j4 all 
Executing target #6 AEP_PSS_ACU_Project.siz
Invoking: Standard S32DS Print Size
arm-none-eabi-size --format=berkeley  AEP_PSS_ACU_Project.elf 
   text	   data	    bss	    dec	    hex	filename
   6264	     56	   3160	   9480	   2508	AEP_PSS_ACU_Project.elf
Finished building: AEP_PSS_ACU_Project.siz
 
16:43:01 **** Incremental Build of configuration Debug for project AEP_PSS_ACU_Project ****
make -j4 all 
Executing target #6 AEP_PSS_ACU_Project.siz
Invoking: Standard S32DS Print Size
arm-none-eabi-size --format=berkeley  AEP_PSS_ACU_Project.elf 
   text	   data	    bss	    dec	    hex	filename
   6264	     56	   3160	   9480	   2508	AEP_PSS_ACU_Project.elf
Finished building: AEP_PSS_ACU_Project.siz
 
16:43:09 **** Incremental Build of configuration Debug for project AEP_PSS_ACU_Project ****
make -j4 all 
Executing target #6 AEP_PSS_ACU_Project.siz
Invoking: Standard S32DS Print Size
arm-none-eabi-size --format=berkeley  AEP_PSS_ACU_Project.elf 
   text	   data	    bss	    dec	    hex	filename
   6264	     56	   3160	   9480	   2508	AEP_PSS_ACU_Project.elf
Finished building: AEP_PSS_ACU_Project.siz
 
16:43:24 **** Incremental Build of configuration Debug for project AEP_PSS_ACU_Project ****
make -j4 all 
Executing target #6 AEP_PSS_ACU_Project.siz
Invoking: Standard S32DS Print Size
arm-none-eabi-size --format=berkeley  AEP_PSS_ACU_Project.elf 
   text	   data	    bss	    dec	    hex	filename
   6264	     56	   3160	   9480	   2508	AEP_PSS_ACU_Project.elf
Finished building: AEP_PSS_ACU_Project.siz
 
16:43:59 **** Incremental Build of configuration Debug for project AEP_PSS_ACU_Project ****
make -j4 all 
Executing target #6 AEP_PSS_ACU_Project.siz
Invoking: Standard S32DS Print Size
arm-none-eabi-size --format=berkeley  AEP_PSS_ACU_Project.elf 
   text	   data	    bss	    dec	    hex	filename
   6264	     56	   3160	   9480	   2508	AEP_PSS_ACU_Project.elf
Finished building: AEP_PSS_ACU_Project.siz
 
16:45:25 **** Incremental Build of configuration Debug for project AEP_PSS_ACU_Project ****
make -j4 all 
Executing target #6 AEP_PSS_ACU_Project.siz
Invoking: Standard S32DS Print Size
arm-none-eabi-size --format=berkeley  AEP_PSS_ACU_Project.elf 
   text	   data	    bss	    dec	    hex	filename
   6264	     56	   3160	   9480	   2508	AEP_PSS_ACU_Project.elf
Finished building: AEP_PSS_ACU_Project.siz
 
